###############################################################################
#
# IAR ELF Linker V8.50.1.245/W32 for ARM                  05/May/2021  18:02:34
# Copyright 2007-2020 IAR Systems AB.
#
#    Output file  =  D:\GitHub\STM32F1XX_WS2812B\EWARM\WS2812B\Exe\WS2812B.out
#    Map file     =  D:\GitHub\STM32F1XX_WS2812B\EWARM\WS2812B\List\WS2812B.map
#    Command line =
#        -f C:\Users\nico1\AppData\Local\Temp\EW8A59.tmp
#        (D:\GitHub\STM32F1XX_WS2812B\EWARM\WS2812B\Obj\main.o
#        D:\GitHub\STM32F1XX_WS2812B\EWARM\WS2812B\Obj\startup_stm32f103xb.o
#        D:\GitHub\STM32F1XX_WS2812B\EWARM\WS2812B\Obj\stm32f1xx_hal.o
#        D:\GitHub\STM32F1XX_WS2812B\EWARM\WS2812B\Obj\stm32f1xx_hal_cortex.o
#        D:\GitHub\STM32F1XX_WS2812B\EWARM\WS2812B\Obj\stm32f1xx_hal_dma.o
#        D:\GitHub\STM32F1XX_WS2812B\EWARM\WS2812B\Obj\stm32f1xx_hal_exti.o
#        D:\GitHub\STM32F1XX_WS2812B\EWARM\WS2812B\Obj\stm32f1xx_hal_flash.o
#        D:\GitHub\STM32F1XX_WS2812B\EWARM\WS2812B\Obj\stm32f1xx_hal_flash_ex.o
#        D:\GitHub\STM32F1XX_WS2812B\EWARM\WS2812B\Obj\stm32f1xx_hal_gpio.o
#        D:\GitHub\STM32F1XX_WS2812B\EWARM\WS2812B\Obj\stm32f1xx_hal_gpio_ex.o
#        D:\GitHub\STM32F1XX_WS2812B\EWARM\WS2812B\Obj\stm32f1xx_hal_msp.o
#        D:\GitHub\STM32F1XX_WS2812B\EWARM\WS2812B\Obj\stm32f1xx_hal_pwr.o
#        D:\GitHub\STM32F1XX_WS2812B\EWARM\WS2812B\Obj\stm32f1xx_hal_rcc.o
#        D:\GitHub\STM32F1XX_WS2812B\EWARM\WS2812B\Obj\stm32f1xx_hal_rcc_ex.o
#        D:\GitHub\STM32F1XX_WS2812B\EWARM\WS2812B\Obj\stm32f1xx_hal_tim.o
#        D:\GitHub\STM32F1XX_WS2812B\EWARM\WS2812B\Obj\stm32f1xx_hal_tim_ex.o
#        D:\GitHub\STM32F1XX_WS2812B\EWARM\WS2812B\Obj\stm32f1xx_it.o
#        D:\GitHub\STM32F1XX_WS2812B\EWARM\WS2812B\Obj\system_stm32f1xx.o
#        D:\GitHub\STM32F1XX_WS2812B\EWARM\WS2812B\Obj\ws2812b.o
#        --no_out_extension -o
#        D:\GitHub\STM32F1XX_WS2812B\EWARM\WS2812B\Exe\WS2812B.out --redirect
#        _Printf=_PrintfFullNoMb --redirect _Scanf=_ScanfFullNoMb --map
#        D:\GitHub\STM32F1XX_WS2812B\EWARM\WS2812B\List\WS2812B.map --config
#        D:\GitHub\STM32F1XX_WS2812B\EWARM/stm32f103xb_flash.icf --semihosting
#        --entry __iar_program_start --vfe --text_out locale)
#
###############################################################################

*******************************************************************************
*** RUNTIME MODEL ATTRIBUTES
***

CppFlavor       = *
__SystemLibrary = DLib
__dlib_version  = 6


*******************************************************************************
*** HEAP SELECTION
***

The basic heap was selected because some modules are built with
size limitations (and not runtime checking), and --advanced_heap
was not specified.


*******************************************************************************
*** PLACEMENT SUMMARY
***

"A0":  place at address 0x800'0000 { ro section .intvec };
"P1":  place in [from 0x800'0000 to 0x801'ffff] { ro };
define block CSTACK with size = 1K, alignment = 8 { };
define block HEAP with size = 512, alignment = 8 { };
"P2":  place in [from 0x2000'0000 to 0x2000'4fff] {
          rw, block CSTACK, block HEAP };
initialize by copy { rw };

  Section            Kind         Address    Size  Object
  -------            ----         -------    ----  ------
"A0":                                        0xec
  .intvec            ro code   0x800'0000    0xec  startup_stm32f103xb.o [1]
                             - 0x800'00ec    0xec

"P1":                                      0x152d
  .text              ro code   0x800'00ec   0x4ae  stm32f1xx_hal_rcc.o [1]
  .text              ro code   0x800'059a    0x3a  zero_init3.o [3]
  .text              ro code   0x800'05d4     0xc  stm32f1xx_hal.o [1]
  .text              ro code   0x800'05e0    0x40  stm32f1xx_hal.o [1]
  .text              ro code   0x800'0620    0xe4  stm32f1xx_hal_cortex.o [1]
  .text              ro code   0x800'0704   0x486  ws2812b.o [1]
  .text              ro code   0x800'0b8c   0x1ac  stm32f1xx_hal_gpio.o [1]
  .text              ro code   0x800'0d38   0x208  stm32f1xx_hal_dma.o [1]
  .text              ro code   0x800'0f40   0x256  stm32f1xx_hal_tim.o [1]
  .text              ro code   0x800'1198   0x106  main.o [1]
  .text              ro code   0x800'12a0    0x24  stm32f1xx_hal.o [1]
  .text              ro code   0x800'12c4    0x9c  rand.o [2]
  .text              ro code   0x800'1360    0x28  stm32f1xx_hal.o [1]
  .text              ro code   0x800'1388    0x14  memset.o [3]
  .text              ro code   0x800'139c    0x30  stm32f1xx_hal_msp.o [1]
  .text              ro code   0x800'13cc    0x66  ABImemset.o [3]
  .text              ro code   0x800'1432    0x38  packbits_init_single.o [3]
  .text              ro code   0x800'146c    0x28  data_init.o [3]
  .iar.init_table    const     0x800'1494    0x20  - Linker created -
  .text              ro code   0x800'14b4    0x1e  cmain.o [3]
  .text              ro code   0x800'14d2     0x4  low_level_init.o [2]
  .text              ro code   0x800'14d6     0x4  exit.o [2]
  .text              ro code   0x800'14dc     0xa  cexit.o [3]
  .text              ro code   0x800'14e8    0x14  exit.o [4]
  .text              ro code   0x800'14fc    0x14  stm32f1xx_it.o [1]
  .text              ro code   0x800'1510    0x10  stm32f1xx_hal.o [1]
  .text              ro code   0x800'1520    0x14  system_stm32f1xx.o [1]
  .text              ro code   0x800'1534    0x10  startup_stm32f103xb.o [1]
  .text              ro code   0x800'1544     0xc  cstartup_M.o [3]
  .text              ro code   0x800'1550     0x4  startup_stm32f103xb.o [1]
  .text              ro code   0x800'1554     0x4  startup_stm32f103xb.o [1]
  .text              ro code   0x800'1558     0x4  startup_stm32f103xb.o [1]
  .text              ro code   0x800'155c     0x4  startup_stm32f103xb.o [1]
  .text              ro code   0x800'1560     0x4  startup_stm32f103xb.o [1]
  .text              ro code   0x800'1564     0x4  startup_stm32f103xb.o [1]
  .text              ro code   0x800'1568     0x4  startup_stm32f103xb.o [1]
  .text              ro code   0x800'156c     0x4  startup_stm32f103xb.o [1]
  .text              ro code   0x800'1570     0x4  startup_stm32f103xb.o [1]
  .text              ro code   0x800'1574     0x4  startup_stm32f103xb.o [1]
  .text              ro code   0x800'1578     0x4  startup_stm32f103xb.o [1]
  .text              ro code   0x800'157c     0x4  startup_stm32f103xb.o [1]
  .text              ro code   0x800'1580     0x4  startup_stm32f103xb.o [1]
  .text              ro code   0x800'1584     0x4  startup_stm32f103xb.o [1]
  .text              ro code   0x800'1588     0x4  startup_stm32f103xb.o [1]
  .text              ro code   0x800'158c     0x4  startup_stm32f103xb.o [1]
  .text              ro code   0x800'1590     0x4  startup_stm32f103xb.o [1]
  .text              ro code   0x800'1594     0x4  startup_stm32f103xb.o [1]
  .text              ro code   0x800'1598     0x4  startup_stm32f103xb.o [1]
  .text              ro code   0x800'159c     0x4  startup_stm32f103xb.o [1]
  .text              ro code   0x800'15a0     0x4  startup_stm32f103xb.o [1]
  .text              ro code   0x800'15a4     0x4  startup_stm32f103xb.o [1]
  .text              ro code   0x800'15a8     0x4  startup_stm32f103xb.o [1]
  .text              ro code   0x800'15ac     0x4  startup_stm32f103xb.o [1]
  .text              ro code   0x800'15b0     0x4  startup_stm32f103xb.o [1]
  .text              ro code   0x800'15b4     0x4  startup_stm32f103xb.o [1]
  .text              ro code   0x800'15b8     0x4  startup_stm32f103xb.o [1]
  .text              ro code   0x800'15bc     0x4  startup_stm32f103xb.o [1]
  .text              ro code   0x800'15c0     0x4  startup_stm32f103xb.o [1]
  .text              ro code   0x800'15c4     0x4  startup_stm32f103xb.o [1]
  .text              ro code   0x800'15c8     0x4  startup_stm32f103xb.o [1]
  .text              ro code   0x800'15cc     0x4  startup_stm32f103xb.o [1]
  .text              ro code   0x800'15d0     0x4  startup_stm32f103xb.o [1]
  .text              ro code   0x800'15d4     0x4  startup_stm32f103xb.o [1]
  .text              ro code   0x800'15d8     0x4  startup_stm32f103xb.o [1]
  .text              ro code   0x800'15dc     0x4  startup_stm32f103xb.o [1]
  .text              ro code   0x800'15e0     0x4  startup_stm32f103xb.o [1]
  .text              ro code   0x800'15e4     0x4  startup_stm32f103xb.o [1]
  .text              ro code   0x800'15e8     0x4  startup_stm32f103xb.o [1]
  .text              ro code   0x800'15ec     0x4  startup_stm32f103xb.o [1]
  .text              ro code   0x800'15f0     0x4  startup_stm32f103xb.o [1]
  .rodata            const     0x800'15f4     0x0  zero_init3.o [3]
  .rodata            const     0x800'15f4     0x0  packbits_init_single.o [3]
  Initializer bytes  const     0x800'15f4    0x25  <for P2-1>
                             - 0x800'1619  0x152d

"P2", part 1 of 3:                          0x490
  P2-1                        0x2000'0000   0x490  <Init block>
    .data            inited   0x2000'0000     0xc  stm32f1xx_hal.o [1]
    .data            inited   0x2000'000c     0x4  system_stm32f1xx.o [1]
    .data            inited   0x2000'0010   0x475  ws2812b.o [1]
    .data            inited   0x2000'0488     0x8  rand.o [2]
                            - 0x2000'0490   0x490

"P2", part 2 of 3:                           0x84
  .bss               zero     0x2000'0490    0x84  rand.o [2]
                            - 0x2000'0514    0x84

"P2", part 3 of 3:                          0x400
  CSTACK                      0x2000'0518   0x400  <Block>
    CSTACK           uninit   0x2000'0518   0x400  <Block tail>
                            - 0x2000'0918   0x400

Unused ranges:

         From           To      Size
         ----           --      ----
   0x800'1619   0x801'ffff  0x1'e9e7
  0x2000'0514  0x2000'0517       0x4
  0x2000'0918  0x2000'4fff    0x46e8


*******************************************************************************
*** INIT TABLE
***

          Address      Size
          -------      ----
Zero (__iar_zero_init3)
    1 destination range, total size 0x84:
          0x2000'0490   0x84

Copy/packbits (__iar_packbits_init_single3)
    1 source range, total size 0x25 (3% of destination):
           0x800'15f4   0x25
    1 destination range, total size 0x490:
          0x2000'0000  0x490



*******************************************************************************
*** MODULE SUMMARY
***

    Module                  ro code  ro data  rw data
    ------                  -------  -------  -------
command line/config:
    -------------------------------------------------
    Total:

D:\GitHub\STM32F1XX_WS2812B\EWARM\WS2812B\Obj: [1]
    main.o                      262
    startup_stm32f103xb.o       416
    stm32f1xx_hal.o             168                12
    stm32f1xx_hal_cortex.o      228
    stm32f1xx_hal_dma.o         520
    stm32f1xx_hal_gpio.o        428
    stm32f1xx_hal_msp.o          48
    stm32f1xx_hal_rcc.o       1'198
    stm32f1xx_hal_tim.o         598
    stm32f1xx_it.o               20
    system_stm32f1xx.o           20                 4
    ws2812b.o                 1'158       36    1'141
    -------------------------------------------------
    Total:                    5'064       36    1'157

dl7M_tlf.a: [2]
    exit.o                        4
    low_level_init.o              4
    rand.o                      156        1      140
    -------------------------------------------------
    Total:                      164        1      140

rt7M_tl.a: [3]
    ABImemset.o                 102
    cexit.o                      10
    cmain.o                      30
    cstartup_M.o                 12
    data_init.o                  40
    memset.o                     20
    packbits_init_single.o       56
    zero_init3.o                 58
    -------------------------------------------------
    Total:                      328

shb_l.a: [4]
    exit.o                       20
    -------------------------------------------------
    Total:                       20

    Gaps                         12                 3
    Linker created                        32    1'024
-----------------------------------------------------
    Grand Total:              5'588       69    2'324


*******************************************************************************
*** ENTRY LIST
***

Entry                       Address   Size  Type      Object
-----                       -------   ----  ----      ------
.iar.init_table$$Base    0x800'1494          --   Gb  - Linker created -
.iar.init_table$$Limit   0x800'14b4          --   Gb  - Linker created -
?main                    0x800'14b5         Code  Gb  cmain.o [3]
AHBPrescTable            0x800'1524   0x10  Data  Gb  system_stm32f1xx.o [1]
BusFault_Handler         0x800'1503    0x2  Code  Gb  stm32f1xx_it.o [1]
CSTACK$$Base            0x2000'0518          --   Gb  - Linker created -
CSTACK$$Limit           0x2000'0918          --   Gb  - Linker created -
DMA1_Channel7_IRQHandler
                         0x800'09c5    0x6  Code  Gb  ws2812b.o [1]
DMA_HandleStruct_CC1    0x2000'0054   0x44  Data  Lc  ws2812b.o [1]
DMA_HandleStruct_CC2    0x2000'0098   0x44  Data  Lc  ws2812b.o [1]
DMA_HandleStruct_UEV    0x2000'0010   0x44  Data  Lc  ws2812b.o [1]
DebugMon_Handler         0x800'1509    0x2  Code  Gb  stm32f1xx_it.o [1]
HAL_DMA_IRQHandler       0x800'0da1  0x134  Code  Gb  stm32f1xx_hal_dma.o [1]
HAL_DMA_Init             0x800'0d39   0x68  Code  Gb  stm32f1xx_hal_dma.o [1]
HAL_DMA_RegisterCallback
                         0x800'0efd   0x42  Code  Gb  stm32f1xx_hal_dma.o [1]
HAL_Delay                0x800'1361   0x28  Code  Wk  stm32f1xx_hal.o [1]
HAL_GPIO_Init            0x800'0b8d  0x176  Code  Gb  stm32f1xx_hal_gpio.o [1]
HAL_GetTick              0x800'05d5    0xc  Code  Wk  stm32f1xx_hal.o [1]
HAL_IncTick              0x800'1511   0x10  Code  Wk  stm32f1xx_hal.o [1]
HAL_Init                 0x800'12a1   0x20  Code  Gb  stm32f1xx_hal.o [1]
HAL_InitTick             0x800'05e1   0x40  Code  Wk  stm32f1xx_hal.o [1]
HAL_MspInit              0x800'139d   0x30  Code  Gb  stm32f1xx_hal_msp.o [1]
HAL_NVIC_ClearPendingIRQ
                         0x800'06cd   0x16  Code  Gb  stm32f1xx_hal_cortex.o [1]
HAL_NVIC_EnableIRQ       0x800'0695   0x16  Code  Gb  stm32f1xx_hal_cortex.o [1]
HAL_NVIC_SetPriority     0x800'063b   0x5a  Code  Gb  stm32f1xx_hal_cortex.o [1]
HAL_NVIC_SetPriorityGrouping
                         0x800'0621   0x1a  Code  Gb  stm32f1xx_hal_cortex.o [1]
HAL_RCC_ClockConfig      0x800'040d  0x118  Code  Gb  stm32f1xx_hal_rcc.o [1]
HAL_RCC_GetSysClockFreq
                         0x800'0525   0x36  Code  Gb  stm32f1xx_hal_rcc.o [1]
HAL_RCC_GetSysClockFreq::aPLLMULFactorTable
                         0x800'0588   0x10  Data  Lc  stm32f1xx_hal_rcc.o [1]
HAL_RCC_GetSysClockFreq::aPredivFactorTable
                         0x800'0598    0x2  Data  Lc  stm32f1xx_hal_rcc.o [1]
HAL_RCC_OscConfig        0x800'00ed  0x320  Code  Gb  stm32f1xx_hal_rcc.o [1]
HAL_SYSTICK_Config       0x800'06ab   0x22  Code  Gb  stm32f1xx_hal_cortex.o [1]
HAL_TIM_Base_Init        0x800'0f41   0x1e  Code  Gb  stm32f1xx_hal_tim.o [1]
HAL_TIM_OC_ConfigChannel
                         0x800'0f85   0x4a  Code  Gb  stm32f1xx_hal_tim.o [1]
HardFault_Handler        0x800'14ff    0x2  Code  Gb  stm32f1xx_it.o [1]
MemManage_Handler        0x800'1501    0x2  Code  Gb  stm32f1xx_it.o [1]
NMI_Handler              0x800'14fd    0x2  Code  Gb  stm32f1xx_it.o [1]
PendSV_Handler           0x800'150b    0x2  Code  Gb  stm32f1xx_it.o [1]
Region$$Table$$Base      0x800'1494          --   Gb  - Linker created -
Region$$Table$$Limit     0x800'14b4          --   Gb  - Linker created -
SVC_Handler              0x800'1507    0x2  Code  Gb  stm32f1xx_it.o [1]
SysTick_Handler          0x800'150d    0x4  Code  Gb  stm32f1xx_it.o [1]
SystemClock_Config       0x800'1239   0x66  Code  Gb  main.o [1]
SystemCoreClock         0x2000'000c    0x4  Data  Gb  system_stm32f1xx.o [1]
SystemInit               0x800'1521    0x2  Code  Gb  system_stm32f1xx.o [1]
TIM2_Handle             0x2000'043c   0x48  Data  Lc  ws2812b.o [1]
TIM2_IRQHandler          0x800'09cb   0x3e  Code  Gb  ws2812b.o [1]
TIM_Base_SetConfig       0x800'0fcf   0x64  Code  Gb  stm32f1xx_hal_tim.o [1]
TIM_CCxChannelCmd        0x800'1175   0x20  Code  Gb  stm32f1xx_hal_tim.o [1]
TIM_OC1_SetConfig        0x800'1033   0x4c  Code  Lc  stm32f1xx_hal_tim.o [1]
TIM_OC2_SetConfig        0x800'107f   0x50  Code  Gb  stm32f1xx_hal_tim.o [1]
TIM_OC3_SetConfig        0x800'10cf   0x4c  Code  Lc  stm32f1xx_hal_tim.o [1]
TIM_OC4_SetConfig        0x800'1121   0x42  Code  Lc  stm32f1xx_hal_tim.o [1]
TransferComplete         0x800'0a09   0x7a  Code  Lc  ws2812b.o [1]
TransferError            0x800'0a85    0x2  Code  Lc  ws2812b.o [1]
UsageFault_Handler       0x800'1505    0x2  Code  Gb  stm32f1xx_it.o [1]
WS2812B_clearBuffer      0x800'0a89   0x56  Code  Gb  ws2812b.o [1]
WS2812B_init             0x800'0705  0x1a8  Code  Gb  ws2812b.o [1]
WS2812B_sendBuffer       0x800'08ad  0x118  Code  Gb  ws2812b.o [1]
WS2812B_setPixel         0x800'0adf   0x82  Code  Gb  ws2812b.o [1]
WS2812_Buffer           0x2000'00dc  0x360  Data  Lc  ws2812b.o [1]
WS2812_High              0x800'0b84    0x2  Data  Lc  ws2812b.o [1]
WS2812_Low               0x800'0b88    0x2  Data  Lc  ws2812b.o [1]
WS2812_State            0x2000'0484    0x1  Data  Lc  ws2812b.o [1]
_Rand_idx               0x2000'0510    0x4  Data  Lc  rand.o [2]
_Rand_rv                0x2000'0490   0x80  Data  Lc  rand.o [2]
_Randinit               0x2000'0488    0x1  Data  Gb  rand.o [2]
_Randseed               0x2000'048c    0x4  Data  Gb  rand.o [2]
__aeabi_memset           0x800'13cd         Code  Gb  ABImemset.o [3]
__cmain                  0x800'14b5         Code  Gb  cmain.o [3]
__exit                   0x800'14e9   0x14  Code  Gb  exit.o [4]
__iar_Memset             0x800'13cd         Code  Gb  ABImemset.o [3]
__iar_Memset_word        0x800'13d5         Code  Gb  ABImemset.o [3]
__iar_data_init3         0x800'146d   0x28  Code  Gb  data_init.o [3]
__iar_packbits_init_single3
                         0x800'1433   0x38  Code  Gb  packbits_init_single.o [3]
__iar_program_start      0x800'1545         Code  Gb  cstartup_M.o [3]
__iar_zero_init3         0x800'059b   0x3a  Code  Gb  zero_init3.o [3]
__low_level_init         0x800'14d3    0x4  Code  Gb  low_level_init.o [2]
__vector_table           0x800'0000         Data  Gb  startup_stm32f103xb.o [1]
_call_main               0x800'14c1         Code  Gb  cmain.o [3]
_exit                    0x800'14dd         Code  Gb  cexit.o [3]
_main                    0x800'14cf         Code  Gb  cmain.o [3]
exit                     0x800'14d7    0x4  Code  Gb  exit.o [2]
main                     0x800'1199   0x9a  Code  Gb  main.o [1]
memset                   0x800'1389   0x14  Code  Gb  memset.o [3]
rand                     0x800'12c5   0x8a  Code  Gb  rand.o [2]
uwTick                  0x2000'0004    0x4  Data  Gb  stm32f1xx_hal.o [1]
uwTickFreq              0x2000'0000    0x1  Data  Gb  stm32f1xx_hal.o [1]
uwTickPrio              0x2000'0008    0x4  Data  Gb  stm32f1xx_hal.o [1]


[1] = D:\GitHub\STM32F1XX_WS2812B\EWARM\WS2812B\Obj
[2] = dl7M_tlf.a
[3] = rt7M_tl.a
[4] = shb_l.a

  5'588 bytes of readonly  code memory
     69 bytes of readonly  data memory
  2'324 bytes of readwrite data memory

Errors: none
Warnings: none
