###############################################################################
#
# IAR ELF Linker V9.10.1.308/W64 for ARM                  19/Aug/2022  18:34:28
# Copyright 2007-2021 IAR Systems AB.
#
#    Output file  =  D:\GitHub\STM32F1XX_WS2812B\EWARM\WS2812B\Exe\WS2812B.out
#    Map file     =  D:\GitHub\STM32F1XX_WS2812B\EWARM\WS2812B\List\WS2812B.map
#    Command line =
#        -f D:\GitHub\STM32F1XX_WS2812B\EWARM\WS2812B\Exe\WS2812B.out.rsp
#        (D:\GitHub\STM32F1XX_WS2812B\EWARM\WS2812B\Obj\Application\User\Src\main.o
#        D:\GitHub\STM32F1XX_WS2812B\EWARM\WS2812B\Obj\Application\EWARM\startup_stm32f103xb.o
#        D:\GitHub\STM32F1XX_WS2812B\EWARM\WS2812B\Obj\Application\EWARM\Drivers\STM32F1xx_HAL_Driver\stm32f1xx_hal.o
#        D:\GitHub\STM32F1XX_WS2812B\EWARM\WS2812B\Obj\Application\EWARM\Drivers\STM32F1xx_HAL_Driver\stm32f1xx_hal_cortex.o
#        D:\GitHub\STM32F1XX_WS2812B\EWARM\WS2812B\Obj\Application\EWARM\Drivers\STM32F1xx_HAL_Driver\stm32f1xx_hal_dma.o
#        D:\GitHub\STM32F1XX_WS2812B\EWARM\WS2812B\Obj\Application\EWARM\Drivers\STM32F1xx_HAL_Driver\stm32f1xx_hal_exti.o
#        D:\GitHub\STM32F1XX_WS2812B\EWARM\WS2812B\Obj\Application\EWARM\Drivers\STM32F1xx_HAL_Driver\stm32f1xx_hal_flash.o
#        D:\GitHub\STM32F1XX_WS2812B\EWARM\WS2812B\Obj\Application\EWARM\Drivers\STM32F1xx_HAL_Driver\stm32f1xx_hal_flash_ex.o
#        D:\GitHub\STM32F1XX_WS2812B\EWARM\WS2812B\Obj\Application\EWARM\Drivers\STM32F1xx_HAL_Driver\stm32f1xx_hal_gpio.o
#        D:\GitHub\STM32F1XX_WS2812B\EWARM\WS2812B\Obj\Application\EWARM\Drivers\STM32F1xx_HAL_Driver\stm32f1xx_hal_gpio_ex.o
#        D:\GitHub\STM32F1XX_WS2812B\EWARM\WS2812B\Obj\Application\User\Src\stm32f1xx_hal_msp.o
#        D:\GitHub\STM32F1XX_WS2812B\EWARM\WS2812B\Obj\Application\EWARM\Drivers\STM32F1xx_HAL_Driver\stm32f1xx_hal_pwr.o
#        D:\GitHub\STM32F1XX_WS2812B\EWARM\WS2812B\Obj\Application\EWARM\Drivers\STM32F1xx_HAL_Driver\stm32f1xx_hal_rcc.o
#        D:\GitHub\STM32F1XX_WS2812B\EWARM\WS2812B\Obj\Application\EWARM\Drivers\STM32F1xx_HAL_Driver\stm32f1xx_hal_rcc_ex.o
#        D:\GitHub\STM32F1XX_WS2812B\EWARM\WS2812B\Obj\Application\EWARM\Drivers\STM32F1xx_HAL_Driver\stm32f1xx_hal_tim.o
#        D:\GitHub\STM32F1XX_WS2812B\EWARM\WS2812B\Obj\Application\EWARM\Drivers\STM32F1xx_HAL_Driver\stm32f1xx_hal_tim_ex.o
#        D:\GitHub\STM32F1XX_WS2812B\EWARM\WS2812B\Obj\Application\User\Src\stm32f1xx_it.o
#        D:\GitHub\STM32F1XX_WS2812B\EWARM\WS2812B\Obj\Application\EWARM\Drivers\CMSIS\system_stm32f1xx.o
#        D:\GitHub\STM32F1XX_WS2812B\EWARM\WS2812B\Obj\Application\User\Src\ws2812b.o
#        --no_out_extension -o
#        D:\GitHub\STM32F1XX_WS2812B\EWARM\WS2812B\Exe\WS2812B.out --redirect
#        _Printf=_PrintfFullNoMb --redirect _Scanf=_ScanfFullNoMb --map
#        D:\GitHub\STM32F1XX_WS2812B\EWARM\WS2812B\List\WS2812B.map --config
#        D:\GitHub\STM32F1XX_WS2812B\EWARM/stm32f103xb_flash.icf --semihosting
#        --entry __iar_program_start --vfe --text_out locale)
#
###############################################################################

*******************************************************************************
*** RUNTIME MODEL ATTRIBUTES
***

CppFlavor       = *
__SystemLibrary = DLib
__dlib_version  = 6


*******************************************************************************
*** HEAP SELECTION
***

The basic heap was selected because some modules are built with
size limitations (and not runtime checking), and --advanced_heap
was not specified.


*******************************************************************************
*** PLACEMENT SUMMARY
***

"A0":  place at address 0x800'0000 { ro section .intvec };
"P1":  place in [from 0x800'0000 to 0x801'ffff] { ro };
define block CSTACK with size = 1K, alignment = 8 { };
define block HEAP with size = 512, alignment = 8 { };
"P2":  place in [from 0x2000'0000 to 0x2000'4fff] {
          rw, block CSTACK, block HEAP };
initialize by copy { rw };

  Section            Kind         Address    Size  Object
  -------            ----         -------    ----  ------
"A0":                                        0xec
  .intvec            ro code   0x800'0000    0xec  startup_stm32f103xb.o [1]
                             - 0x800'00ec    0xec

"P1":                                      0x150b
  .text              ro code   0x800'00ec   0x4ae  stm32f1xx_hal_rcc.o [3]
  .text              ro code   0x800'059a    0x3a  packbits_init_single.o [6]
  .text              ro code   0x800'05d4     0xc  stm32f1xx_hal.o [3]
  .text              ro code   0x800'05e0    0x40  stm32f1xx_hal.o [3]
  .text              ro code   0x800'0620    0xe0  stm32f1xx_hal_cortex.o [3]
  .text              ro code   0x800'0700   0x486  ws2812b.o [4]
  .text              ro code   0x800'0b88   0x1ac  stm32f1xx_hal_gpio.o [3]
  .text              ro code   0x800'0d34   0x204  stm32f1xx_hal_dma.o [3]
  .text              ro code   0x800'0f38   0x270  stm32f1xx_hal_tim.o [3]
  .text              ro code   0x800'11a8     0x2  stm32f1xx_hal_tim.o [3]
  .text              ro code   0x800'11ac   0x106  main.o [4]
  .text              ro code   0x800'12b4    0x24  stm32f1xx_hal.o [3]
  .text              ro code   0x800'12d8    0x9c  rand.o [5]
  .text              ro code   0x800'1374    0x28  stm32f1xx_hal.o [3]
  .text              ro code   0x800'139c    0x14  memset.o [6]
  .text              ro code   0x800'13b0    0x30  stm32f1xx_hal_msp.o [4]
  .text              ro code   0x800'13e0    0x66  ABImemset.o [6]
  .text              ro code   0x800'1448    0x28  data_init.o [6]
  .iar.init_table    const     0x800'1470    0x10  - Linker created -
  .text              ro code   0x800'1480    0x1e  cmain.o [6]
  .text              ro code   0x800'149e     0x4  low_level_init.o [5]
  .text              ro code   0x800'14a2     0x4  exit.o [5]
  .text              ro code   0x800'14a8     0xa  cexit.o [6]
  .text              ro code   0x800'14b4    0x14  exit.o [7]
  .text              ro code   0x800'14c8    0x1c  cstartup_M.o [6]
  .text              ro code   0x800'14e4    0x14  stm32f1xx_it.o [4]
  .text              ro code   0x800'14f8    0x10  stm32f1xx_hal.o [3]
  .text              ro code   0x800'1508    0x14  system_stm32f1xx.o [2]
  .text              ro code   0x800'151c    0x10  startup_stm32f103xb.o [1]
  .text              ro code   0x800'152c     0x4  startup_stm32f103xb.o [1]
  .text              ro code   0x800'1530     0x4  startup_stm32f103xb.o [1]
  .text              ro code   0x800'1534     0x4  startup_stm32f103xb.o [1]
  .text              ro code   0x800'1538     0x4  startup_stm32f103xb.o [1]
  .text              ro code   0x800'153c     0x4  startup_stm32f103xb.o [1]
  .text              ro code   0x800'1540     0x4  startup_stm32f103xb.o [1]
  .text              ro code   0x800'1544     0x4  startup_stm32f103xb.o [1]
  .text              ro code   0x800'1548     0x4  startup_stm32f103xb.o [1]
  .text              ro code   0x800'154c     0x4  startup_stm32f103xb.o [1]
  .text              ro code   0x800'1550     0x4  startup_stm32f103xb.o [1]
  .text              ro code   0x800'1554     0x4  startup_stm32f103xb.o [1]
  .text              ro code   0x800'1558     0x4  startup_stm32f103xb.o [1]
  .text              ro code   0x800'155c     0x4  startup_stm32f103xb.o [1]
  .text              ro code   0x800'1560     0x4  startup_stm32f103xb.o [1]
  .text              ro code   0x800'1564     0x4  startup_stm32f103xb.o [1]
  .text              ro code   0x800'1568     0x4  startup_stm32f103xb.o [1]
  .text              ro code   0x800'156c     0x4  startup_stm32f103xb.o [1]
  .text              ro code   0x800'1570     0x4  startup_stm32f103xb.o [1]
  .text              ro code   0x800'1574     0x4  startup_stm32f103xb.o [1]
  .text              ro code   0x800'1578     0x4  startup_stm32f103xb.o [1]
  .text              ro code   0x800'157c     0x4  startup_stm32f103xb.o [1]
  .text              ro code   0x800'1580     0x4  startup_stm32f103xb.o [1]
  .text              ro code   0x800'1584     0x4  startup_stm32f103xb.o [1]
  .text              ro code   0x800'1588     0x4  startup_stm32f103xb.o [1]
  .text              ro code   0x800'158c     0x4  startup_stm32f103xb.o [1]
  .text              ro code   0x800'1590     0x4  startup_stm32f103xb.o [1]
  .text              ro code   0x800'1594     0x4  startup_stm32f103xb.o [1]
  .text              ro code   0x800'1598     0x4  startup_stm32f103xb.o [1]
  .text              ro code   0x800'159c     0x4  startup_stm32f103xb.o [1]
  .text              ro code   0x800'15a0     0x4  startup_stm32f103xb.o [1]
  .text              ro code   0x800'15a4     0x4  startup_stm32f103xb.o [1]
  .text              ro code   0x800'15a8     0x4  startup_stm32f103xb.o [1]
  .text              ro code   0x800'15ac     0x4  startup_stm32f103xb.o [1]
  .text              ro code   0x800'15b0     0x4  startup_stm32f103xb.o [1]
  .text              ro code   0x800'15b4     0x4  startup_stm32f103xb.o [1]
  .text              ro code   0x800'15b8     0x4  startup_stm32f103xb.o [1]
  .text              ro code   0x800'15bc     0x4  startup_stm32f103xb.o [1]
  .text              ro code   0x800'15c0     0x4  startup_stm32f103xb.o [1]
  .text              ro code   0x800'15c4     0x4  startup_stm32f103xb.o [1]
  .text              ro code   0x800'15c8     0x4  startup_stm32f103xb.o [1]
  .text              ro code   0x800'15cc     0x4  startup_stm32f103xb.o [1]
  .rodata            const     0x800'15d0     0x0  packbits_init_single.o [6]
  Initializer bytes  const     0x800'15d0    0x27  <for P2-1>
                             - 0x800'15f7  0x150b

"P2", part 1 of 2:                          0x514
  P2-1                        0x2000'0000   0x514  <Init block>
    .data            inited   0x2000'0000     0xc  stm32f1xx_hal.o [3]
    .data            inited   0x2000'000c     0x4  system_stm32f1xx.o [2]
    .data            inited   0x2000'0010   0x475  ws2812b.o [4]
    .data            inited   0x2000'0488    0x8c  rand.o [5]
                            - 0x2000'0514   0x514

"P2", part 2 of 2:                          0x400
  CSTACK                      0x2000'0518   0x400  <Block>
    CSTACK           uninit   0x2000'0518   0x400  <Block tail>
                            - 0x2000'0918   0x400

Unused ranges:

         From           To      Size
         ----           --      ----
   0x800'15f7   0x801'ffff  0x1'ea09
  0x2000'0514  0x2000'0517       0x4
  0x2000'0918  0x2000'4fff    0x46e8


*******************************************************************************
*** INIT TABLE
***

          Address      Size
          -------      ----
Copy/packbits (__iar_packbits_init_single3)
    1 source range, total size 0x27 (3% of destination):
           0x800'15d0   0x27
    1 destination range, total size 0x514:
          0x2000'0000  0x514



*******************************************************************************
*** MODULE SUMMARY
***

    Module                  ro code  ro data  rw data
    ------                  -------  -------  -------
command line/config:
    -------------------------------------------------
    Total:

D:\GitHub\STM32F1XX_WS2812B\EWARM\WS2812B\Obj\Application\EWARM: [1]
    startup_stm32f103xb.o       416
    -------------------------------------------------
    Total:                      416

D:\GitHub\STM32F1XX_WS2812B\EWARM\WS2812B\Obj\Application\EWARM\Drivers\CMSIS: [2]
    system_stm32f1xx.o           20                 4
    -------------------------------------------------
    Total:                       20                 4

D:\GitHub\STM32F1XX_WS2812B\EWARM\WS2812B\Obj\Application\EWARM\Drivers\STM32F1xx_HAL_Driver: [3]
    stm32f1xx_hal.o             168                12
    stm32f1xx_hal_cortex.o      224
    stm32f1xx_hal_dma.o         516
    stm32f1xx_hal_gpio.o        428
    stm32f1xx_hal_rcc.o       1'198
    stm32f1xx_hal_tim.o         626
    -------------------------------------------------
    Total:                    3'160                12

D:\GitHub\STM32F1XX_WS2812B\EWARM\WS2812B\Obj\Application\User\Src: [4]
    main.o                      262
    stm32f1xx_hal_msp.o          48
    stm32f1xx_it.o               20
    ws2812b.o                 1'158       34    1'141
    -------------------------------------------------
    Total:                    1'488       34    1'141

dl7M_tlf.a: [5]
    exit.o                        4
    low_level_init.o              4
    rand.o                      156        5      140
    -------------------------------------------------
    Total:                      164        5      140

rt7M_tl.a: [6]
    ABImemset.o                 102
    cexit.o                      10
    cmain.o                      30
    cstartup_M.o                 28
    data_init.o                  40
    memset.o                     20
    packbits_init_single.o       58
    -------------------------------------------------
    Total:                      288

shb_l.a: [7]
    exit.o                       20
    -------------------------------------------------
    Total:                       20

    Gaps                         12                 3
    Linker created                        16    1'024
-----------------------------------------------------
    Grand Total:              5'568       55    2'324


*******************************************************************************
*** ENTRY LIST
***

Entry                       Address   Size  Type      Object
-----                       -------   ----  ----      ------
.iar.init_table$$Base    0x800'1470          --   Gb  - Linker created -
.iar.init_table$$Limit   0x800'1480          --   Gb  - Linker created -
?main                    0x800'1481         Code  Gb  cmain.o [6]
AHBPrescTable            0x800'150c   0x10  Data  Gb  system_stm32f1xx.o [2]
BusFault_Handler         0x800'14eb    0x2  Code  Gb  stm32f1xx_it.o [4]
CSTACK$$Base            0x2000'0518          --   Gb  - Linker created -
CSTACK$$Limit           0x2000'0918          --   Gb  - Linker created -
DMA1_Channel7_IRQHandler
                         0x800'09c1    0x6  Code  Gb  ws2812b.o [4]
DMA_HandleStruct_CC1    0x2000'0054   0x44  Data  Lc  ws2812b.o [4]
DMA_HandleStruct_CC2    0x2000'0098   0x44  Data  Lc  ws2812b.o [4]
DMA_HandleStruct_UEV    0x2000'0010   0x44  Data  Lc  ws2812b.o [4]
DebugMon_Handler         0x800'14f1    0x2  Code  Gb  stm32f1xx_it.o [4]
HAL_DMA_IRQHandler       0x800'0d99  0x130  Code  Gb  stm32f1xx_hal_dma.o [3]
HAL_DMA_Init             0x800'0d35   0x58  Code  Gb  stm32f1xx_hal_dma.o [3]
HAL_DMA_RegisterCallback
                         0x800'0ef1   0x48  Code  Gb  stm32f1xx_hal_dma.o [3]
HAL_Delay                0x800'1375   0x28  Code  Gb  stm32f1xx_hal.o [3]
HAL_GPIO_Init            0x800'0b89  0x176  Code  Gb  stm32f1xx_hal_gpio.o [3]
HAL_GetTick              0x800'05d5    0xc  Code  Gb  stm32f1xx_hal.o [3]
HAL_IncTick              0x800'14f9   0x10  Code  Gb  stm32f1xx_hal.o [3]
HAL_Init                 0x800'12b5   0x20  Code  Gb  stm32f1xx_hal.o [3]
HAL_InitTick             0x800'05e1   0x40  Code  Gb  stm32f1xx_hal.o [3]
HAL_MspInit              0x800'13b1   0x30  Code  Gb  stm32f1xx_hal_msp.o [4]
HAL_NVIC_ClearPendingIRQ
                         0x800'06cd   0x16  Code  Gb  stm32f1xx_hal_cortex.o [3]
HAL_NVIC_EnableIRQ       0x800'0695   0x16  Code  Gb  stm32f1xx_hal_cortex.o [3]
HAL_NVIC_SetPriority     0x800'063b   0x5a  Code  Gb  stm32f1xx_hal_cortex.o [3]
HAL_NVIC_SetPriorityGrouping
                         0x800'0621   0x1a  Code  Gb  stm32f1xx_hal_cortex.o [3]
HAL_RCC_ClockConfig      0x800'0411  0x118  Code  Gb  stm32f1xx_hal_rcc.o [3]
HAL_RCC_GetSysClockFreq
                         0x800'0529   0x36  Code  Gb  stm32f1xx_hal_rcc.o [3]
HAL_RCC_GetSysClockFreq::aPLLMULFactorTable
                         0x800'0588   0x10  Data  Lc  stm32f1xx_hal_rcc.o [3]
HAL_RCC_GetSysClockFreq::aPredivFactorTable
                         0x800'0598    0x2  Data  Lc  stm32f1xx_hal_rcc.o [3]
HAL_RCC_OscConfig        0x800'00ed  0x324  Code  Gb  stm32f1xx_hal_rcc.o [3]
HAL_SYSTICK_Config       0x800'06ab   0x22  Code  Gb  stm32f1xx_hal_cortex.o [3]
HAL_TIM_Base_Init        0x800'0f39   0x1e  Code  Gb  stm32f1xx_hal_tim.o [3]
HAL_TIM_Base_MspInit     0x800'11a9    0x2  Code  Gb  stm32f1xx_hal_tim.o [3]
HAL_TIM_OC_ConfigChannel
                         0x800'0f9d   0x48  Code  Gb  stm32f1xx_hal_tim.o [3]
HardFault_Handler        0x800'14e7    0x2  Code  Gb  stm32f1xx_it.o [4]
MemManage_Handler        0x800'14e9    0x2  Code  Gb  stm32f1xx_it.o [4]
NMI_Handler              0x800'14e5    0x2  Code  Gb  stm32f1xx_it.o [4]
PendSV_Handler           0x800'14f3    0x2  Code  Gb  stm32f1xx_it.o [4]
Region$$Table$$Base      0x800'1470          --   Gb  - Linker created -
Region$$Table$$Limit     0x800'1480          --   Gb  - Linker created -
SVC_Handler              0x800'14ef    0x2  Code  Gb  stm32f1xx_it.o [4]
SysTick_Handler          0x800'14f5    0x4  Code  Gb  stm32f1xx_it.o [4]
SystemClock_Config       0x800'124d   0x66  Code  Gb  main.o [4]
SystemCoreClock         0x2000'000c    0x4  Data  Gb  system_stm32f1xx.o [2]
SystemInit               0x800'1509    0x2  Code  Gb  system_stm32f1xx.o [2]
TIM2_Handle             0x2000'043c   0x48  Data  Lc  ws2812b.o [4]
TIM2_IRQHandler          0x800'09c7   0x3e  Code  Gb  ws2812b.o [4]
TIM_Base_SetConfig       0x800'0fe5   0x64  Code  Gb  stm32f1xx_hal_tim.o [3]
TIM_CCxChannelCmd        0x800'1189   0x20  Code  Gb  stm32f1xx_hal_tim.o [3]
TIM_OC1_SetConfig        0x800'1049   0x4c  Code  Lc  stm32f1xx_hal_tim.o [3]
TIM_OC2_SetConfig        0x800'1095   0x50  Code  Gb  stm32f1xx_hal_tim.o [3]
TIM_OC3_SetConfig        0x800'10e5   0x4c  Code  Lc  stm32f1xx_hal_tim.o [3]
TIM_OC4_SetConfig        0x800'1137   0x42  Code  Lc  stm32f1xx_hal_tim.o [3]
TransferComplete         0x800'0a05   0x7a  Code  Lc  ws2812b.o [4]
TransferError            0x800'0a81    0x2  Code  Lc  ws2812b.o [4]
UsageFault_Handler       0x800'14ed    0x2  Code  Gb  stm32f1xx_it.o [4]
WS2812B_clearBuffer      0x800'0a85   0x56  Code  Gb  ws2812b.o [4]
WS2812B_init             0x800'0701  0x1a8  Code  Gb  ws2812b.o [4]
WS2812B_sendBuffer       0x800'08a9  0x118  Code  Gb  ws2812b.o [4]
WS2812B_setPixel         0x800'0adb   0x82  Code  Gb  ws2812b.o [4]
WS2812_Buffer           0x2000'00dc  0x360  Data  Lc  ws2812b.o [4]
WS2812_High              0x800'0b80    0x2  Data  Lc  ws2812b.o [4]
WS2812_Low               0x800'0b84    0x2  Data  Lc  ws2812b.o [4]
WS2812_State            0x2000'0484    0x1  Data  Lc  ws2812b.o [4]
_Rand_idx               0x2000'0510    0x4  Data  Lc  rand.o [5]
_Rand_rv                0x2000'0488   0x80  Data  Lc  rand.o [5]
_Randinit               0x2000'0508    0x1  Data  Gb  rand.o [5]
_Randseed               0x2000'050c    0x4  Data  Gb  rand.o [5]
__aeabi_memset           0x800'13e1         Code  Gb  ABImemset.o [6]
__cmain                  0x800'1481         Code  Gb  cmain.o [6]
__exit                   0x800'14b5   0x14  Code  Gb  exit.o [7]
__iar_Memset             0x800'13e1         Code  Gb  ABImemset.o [6]
__iar_Memset_word        0x800'13e9         Code  Gb  ABImemset.o [6]
__iar_data_init3         0x800'1449   0x28  Code  Gb  data_init.o [6]
__iar_packbits_init_single3
                         0x800'059b   0x3a  Code  Gb  packbits_init_single.o [6]
__iar_program_start      0x800'14c9         Code  Gb  cstartup_M.o [6]
__low_level_init         0x800'149f    0x4  Code  Gb  low_level_init.o [5]
__vector_table           0x800'0000         Data  Gb  startup_stm32f103xb.o [1]
_call_main               0x800'148d         Code  Gb  cmain.o [6]
_exit                    0x800'14a9         Code  Gb  cexit.o [6]
exit                     0x800'14a3    0x4  Code  Gb  exit.o [5]
main                     0x800'11ad   0x9a  Code  Gb  main.o [4]
memset                   0x800'139d   0x14  Code  Gb  memset.o [6]
rand                     0x800'12d9   0x90  Code  Gb  rand.o [5]
uwTick                  0x2000'0004    0x4  Data  Gb  stm32f1xx_hal.o [3]
uwTickFreq              0x2000'0000    0x1  Data  Gb  stm32f1xx_hal.o [3]
uwTickPrio              0x2000'0008    0x4  Data  Gb  stm32f1xx_hal.o [3]


[1] = D:\GitHub\STM32F1XX_WS2812B\EWARM\WS2812B\Obj\Application\EWARM
[2] = D:\GitHub\STM32F1XX_WS2812B\EWARM\WS2812B\Obj\Application\EWARM\Drivers\CMSIS
[3] = D:\GitHub\STM32F1XX_WS2812B\EWARM\WS2812B\Obj\Application\EWARM\Drivers\STM32F1xx_HAL_Driver
[4] = D:\GitHub\STM32F1XX_WS2812B\EWARM\WS2812B\Obj\Application\User\Src
[5] = dl7M_tlf.a
[6] = rt7M_tl.a
[7] = shb_l.a

  5'568 bytes of readonly  code memory
     55 bytes of readonly  data memory
  2'324 bytes of readwrite data memory

Errors: none
Warnings: none
